Downloading 1crmsTbd1-2sEXsGwa2IKnIB7Zd3TmUsy into /home/ami31/thesis/data/Flickr/raw/adj_full.npz... Done.
Downloading 1join-XdvX3anJU_MLVtick7MgeAQiWIZ into /home/ami31/thesis/data/Flickr/raw/feats.npy... Done.
Downloading 1uxIkbtg5drHTsKt-PAsZZ4_yJmgFmle9 into /home/ami31/thesis/data/Flickr/raw/class_map.json... Done.
Downloading 1htXCtuktuCW8TR8KiKfrFDAxUgekQoV7 into /home/ami31/thesis/data/Flickr/raw/role.json...   0%|          | 0/8925000 [00:00<?, ?it/s]Compute GraphSAINT normalization:   0%|          | 0/8925000 [00:00<?, ?it/s]Done.
Processing...
Done!
Compute GraphSAINT normalization:   0%|          | 14489/8925000 [00:00<02:12, 67394.01it/s]Compute GraphSAINT normalization:   1%|          | 86833/8925000 [00:00<00:42, 209807.70it/s]Compute GraphSAINT normalization:   2%|▏         | 159259/8925000 [00:00<00:32, 271471.12it/s]Compute GraphSAINT normalization:   3%|▎         | 231727/8925000 [00:00<00:28, 304008.86it/s]Compute GraphSAINT normalization:   3%|▎         | 304055/8925000 [00:01<00:26, 325360.90it/s]Compute GraphSAINT normalization:   4%|▍         | 376260/8925000 [00:01<00:25, 335848.00it/s]Compute GraphSAINT normalization:   5%|▌         | 448707/8925000 [00:01<00:24, 345053.52it/s]Compute GraphSAINT normalization:   6%|▌         | 521186/8925000 [00:01<00:24, 349535.88it/s]Compute GraphSAINT normalization:   7%|▋         | 593786/8925000 [00:01<00:23, 355124.04it/s]Compute GraphSAINT normalization:   7%|▋         | 666059/8925000 [00:02<00:23, 355362.07it/s]Compute GraphSAINT normalization:   8%|▊         | 738472/8925000 [00:02<00:22, 358021.47it/s]Compute GraphSAINT normalization:   9%|▉         | 810918/8925000 [00:02<00:22, 356186.50it/s]Compute GraphSAINT normalization:  10%|▉         | 883327/8925000 [00:02<00:22, 359602.09it/s]Compute GraphSAINT normalization:  11%|█         | 955717/8925000 [00:02<00:22, 358194.48it/s]Compute GraphSAINT normalization:  12%|█▏        | 1028079/8925000 [00:03<00:21, 360883.43it/s]Compute GraphSAINT normalization:  12%|█▏        | 1100538/8925000 [00:03<00:21, 360512.18it/s]Compute GraphSAINT normalization:  13%|█▎        | 1172971/8925000 [00:03<00:21, 362270.36it/s]Compute GraphSAINT normalization:  14%|█▍        | 1245177/8925000 [00:03<00:21, 361165.93it/s]Compute GraphSAINT normalization:  15%|█▍        | 1317543/8925000 [00:03<00:20, 363056.16it/s]Compute GraphSAINT normalization:  16%|█▌        | 1389903/8925000 [00:04<00:20, 361862.26it/s]Compute GraphSAINT normalization:  16%|█▋        | 1462414/8925000 [00:04<00:20, 362276.42it/s]Compute GraphSAINT normalization:  17%|█▋        | 1534813/8925000 [00:04<00:20, 360530.93it/s]Compute GraphSAINT normalization:  18%|█▊        | 1607281/8925000 [00:04<00:20, 362124.18it/s]Compute GraphSAINT normalization:  19%|█▉        | 1679772/8925000 [00:04<00:20, 361566.89it/s]Compute GraphSAINT normalization:  20%|█▉        | 1752267/8925000 [00:05<00:19, 363520.50it/s]Compute GraphSAINT normalization:  20%|██        | 1824720/8925000 [00:05<00:19, 361445.06it/s]Compute GraphSAINT normalization:  21%|██▏       | 1897080/8925000 [00:05<00:19, 363024.06it/s]Compute GraphSAINT normalization:  22%|██▏       | 1969448/8925000 [00:05<00:19, 360974.44it/s]Compute GraphSAINT normalization:  23%|██▎       | 2041772/8925000 [00:05<00:18, 363083.33it/s]Compute GraphSAINT normalization:  24%|██▎       | 2114058/8925000 [00:06<00:18, 361520.61it/s]Compute GraphSAINT normalization:  24%|██▍       | 2186592/8925000 [00:06<00:18, 363440.33it/s]Compute GraphSAINT normalization:  25%|██▌       | 2258905/8925000 [00:06<00:18, 361518.59it/s]Compute GraphSAINT normalization:  26%|██▌       | 2331416/8925000 [00:06<00:18, 363738.14it/s]Compute GraphSAINT normalization:  27%|██▋       | 2403758/8925000 [00:06<00:18, 361032.02it/s]Compute GraphSAINT normalization:  28%|██▊       | 2476133/8925000 [00:07<00:17, 362581.98it/s]Compute GraphSAINT normalization:  29%|██▊       | 2548556/8925000 [00:07<00:17, 361179.85it/s]Compute GraphSAINT normalization:  29%|██▉       | 2620881/8925000 [00:07<00:17, 362938.37it/s]Compute GraphSAINT normalization:  30%|███       | 2693370/8925000 [00:07<00:17, 361664.16it/s]Compute GraphSAINT normalization:  31%|███       | 2765862/8925000 [00:07<00:16, 362885.29it/s]Compute GraphSAINT normalization:  32%|███▏      | 2838330/8925000 [00:08<00:16, 360696.81it/s]Compute GraphSAINT normalization:  33%|███▎      | 2910751/8925000 [00:08<00:16, 362943.91it/s]Compute GraphSAINT normalization:  33%|███▎      | 2983138/8925000 [00:08<00:16, 361833.03it/s]Compute GraphSAINT normalization:  34%|███▍      | 3055484/8925000 [00:08<00:16, 363871.11it/s]Compute GraphSAINT normalization:  35%|███▌      | 3127972/8925000 [00:08<00:16, 361472.17it/s]Compute GraphSAINT normalization:  36%|███▌      | 3200518/8925000 [00:09<00:15, 363304.82it/s]Compute GraphSAINT normalization:  37%|███▋      | 3273039/8925000 [00:09<00:15, 361649.32it/s]Compute GraphSAINT normalization:  37%|███▋      | 3345350/8925000 [00:09<00:15, 363089.08it/s]Compute GraphSAINT normalization:  38%|███▊      | 3417597/8925000 [00:09<00:15, 362164.22it/s]Compute GraphSAINT normalization:  39%|███▉      | 3489934/8925000 [00:09<00:14, 362895.96it/s]Compute GraphSAINT normalization:  40%|███▉      | 3562377/8925000 [00:10<00:14, 361263.19it/s]Compute GraphSAINT normalization:  41%|████      | 3634742/8925000 [00:10<00:14, 363093.38it/s]Compute GraphSAINT normalization:  42%|████▏     | 3707284/8925000 [00:10<00:14, 360407.10it/s]Compute GraphSAINT normalization:  42%|████▏     | 3779767/8925000 [00:10<00:14, 362403.61it/s]Compute GraphSAINT normalization:  43%|████▎     | 3852359/8925000 [00:10<00:14, 360225.50it/s]Compute GraphSAINT normalization:  44%|████▍     | 3924826/8925000 [00:11<00:13, 362939.07it/s]Compute GraphSAINT normalization:  45%|████▍     | 3997057/8925000 [00:11<00:13, 361584.55it/s]Compute GraphSAINT normalization:  46%|████▌     | 4069384/8925000 [00:11<00:13, 362372.39it/s]Compute GraphSAINT normalization:  46%|████▋     | 4141746/8925000 [00:11<00:13, 361445.99it/s]Compute GraphSAINT normalization:  47%|████▋     | 4214183/8925000 [00:11<00:12, 362575.16it/s]Compute GraphSAINT normalization:  48%|████▊     | 4286593/8925000 [00:12<00:12, 361104.07it/s]Compute GraphSAINT normalization:  49%|████▉     | 4359040/8925000 [00:12<00:12, 363483.71it/s]Compute GraphSAINT normalization:  50%|████▉     | 4431296/8925000 [00:12<00:12, 361821.81it/s]Compute GraphSAINT normalization:  50%|█████     | 4503621/8925000 [00:12<00:12, 363704.14it/s]Compute GraphSAINT normalization:  51%|█████▏    | 4576183/8925000 [00:12<00:12, 361033.68it/s]Compute GraphSAINT normalization:  52%|█████▏    | 4648644/8925000 [00:13<00:11, 363267.25it/s]Compute GraphSAINT normalization:  53%|█████▎    | 4721112/8925000 [00:13<00:11, 361666.18it/s]Compute GraphSAINT normalization:  54%|█████▎    | 4793500/8925000 [00:13<00:11, 363336.23it/s]Compute GraphSAINT normalization:  55%|█████▍    | 4865543/8925000 [00:13<00:11, 359212.65it/s]Compute GraphSAINT normalization:  55%|█████▌    | 4938005/8925000 [00:13<00:11, 360130.31it/s]Compute GraphSAINT normalization:  56%|█████▌    | 5010377/8925000 [00:14<00:10, 358537.59it/s]Compute GraphSAINT normalization:  57%|█████▋    | 5082932/8925000 [00:14<00:10, 360003.38it/s]Compute GraphSAINT normalization:  58%|█████▊    | 5155334/8925000 [00:14<00:10, 357221.51it/s]Compute GraphSAINT normalization:  59%|█████▊    | 5227866/8925000 [00:14<00:10, 359048.95it/s]Compute GraphSAINT normalization:  59%|█████▉    | 5300272/8925000 [00:14<00:10, 355476.36it/s]Compute GraphSAINT normalization:  60%|██████    | 5372769/8925000 [00:15<00:09, 357735.12it/s]Compute GraphSAINT normalization:  61%|██████    | 5445134/8925000 [00:15<00:09, 356639.39it/s]Compute GraphSAINT normalization:  62%|██████▏   | 5517638/8925000 [00:15<00:09, 358284.06it/s]Compute GraphSAINT normalization:  63%|██████▎   | 5590037/8925000 [00:15<00:09, 356878.72it/s]Compute GraphSAINT normalization:  63%|██████▎   | 5662337/8925000 [00:15<00:09, 358557.19it/s]Compute GraphSAINT normalization:  64%|██████▍   | 5734572/8925000 [00:16<00:08, 356087.18it/s]Compute GraphSAINT normalization:  65%|██████▌   | 5806832/8925000 [00:16<00:08, 357621.95it/s]Compute GraphSAINT normalization:  66%|██████▌   | 5879255/8925000 [00:16<00:08, 356503.73it/s]Compute GraphSAINT normalization:  67%|██████▋   | 5951668/8925000 [00:16<00:08, 358303.57it/s]Compute GraphSAINT normalization:  67%|██████▋   | 6024134/8925000 [00:16<00:08, 357083.61it/s]Compute GraphSAINT normalization:  68%|██████▊   | 6096636/8925000 [00:17<00:07, 358483.16it/s]Compute GraphSAINT normalization:  69%|██████▉   | 6168892/8925000 [00:17<00:07, 356775.41it/s]Compute GraphSAINT normalization:  70%|██████▉   | 6241384/8925000 [00:17<00:07, 358748.87it/s]Compute GraphSAINT normalization:  71%|███████   | 6313790/8925000 [00:17<00:07, 357182.02it/s]Compute GraphSAINT normalization:  72%|███████▏  | 6386183/8925000 [00:17<00:07, 358708.93it/s]Compute GraphSAINT normalization:  72%|███████▏  | 6458423/8925000 [00:18<00:06, 357181.89it/s]Compute GraphSAINT normalization:  73%|███████▎  | 6530904/8925000 [00:18<00:06, 358965.99it/s]Compute GraphSAINT normalization:  74%|███████▍  | 6603331/8925000 [00:18<00:06, 357482.97it/s]Compute GraphSAINT normalization:  75%|███████▍  | 6675683/8925000 [00:18<00:06, 359346.33it/s]Compute GraphSAINT normalization:  76%|███████▌  | 6748108/8925000 [00:18<00:06, 358111.65it/s]Compute GraphSAINT normalization:  76%|███████▋  | 6820479/8925000 [00:19<00:05, 359623.90it/s]Compute GraphSAINT normalization:  77%|███████▋  | 6892834/8925000 [00:19<00:05, 356649.12it/s]Compute GraphSAINT normalization:  78%|███████▊  | 6965227/8925000 [00:19<00:05, 358373.09it/s]Compute GraphSAINT normalization:  79%|███████▉  | 7037489/8925000 [00:19<00:05, 355636.98it/s]Compute GraphSAINT normalization:  80%|███████▉  | 7109789/8925000 [00:19<00:05, 357439.04it/s]Compute GraphSAINT normalization:  80%|████████  | 7182241/8925000 [00:20<00:04, 356180.23it/s]Compute GraphSAINT normalization:  81%|████████▏ | 7254648/8925000 [00:20<00:04, 357651.28it/s]Compute GraphSAINT normalization:  82%|████████▏ | 7327037/8925000 [00:20<00:04, 356789.49it/s]Compute GraphSAINT normalization:  83%|████████▎ | 7399363/8925000 [00:20<00:04, 358210.17it/s]Compute GraphSAINT normalization:  84%|████████▎ | 7471921/8925000 [00:20<00:04, 357214.60it/s]Compute GraphSAINT normalization:  85%|████████▍ | 7544298/8925000 [00:21<00:03, 359156.03it/s]Compute GraphSAINT normalization:  85%|████████▌ | 7616490/8925000 [00:21<00:03, 357289.16it/s]Compute GraphSAINT normalization:  86%|████████▌ | 7688849/8925000 [00:21<00:03, 359362.51it/s]Compute GraphSAINT normalization:  87%|████████▋ | 7761192/8925000 [00:21<00:03, 357253.54it/s]Compute GraphSAINT normalization:  88%|████████▊ | 7833562/8925000 [00:21<00:03, 359023.54it/s]Compute GraphSAINT normalization:  89%|████████▊ | 7906007/8925000 [00:22<00:02, 357949.18it/s]Compute GraphSAINT normalization:  89%|████████▉ | 7978423/8925000 [00:22<00:02, 359614.46it/s]Compute GraphSAINT normalization:  90%|█████████ | 8050831/8925000 [00:22<00:02, 358793.87it/s]Compute GraphSAINT normalization:  91%|█████████ | 8122989/8925000 [00:22<00:02, 359397.54it/s]Compute GraphSAINT normalization:  92%|█████████▏| 8195364/8925000 [00:22<00:02, 357554.37it/s]Compute GraphSAINT normalization:  93%|█████████▎| 8267849/8925000 [00:23<00:01, 359477.52it/s]Compute GraphSAINT normalization:  93%|█████████▎| 8340247/8925000 [00:23<00:01, 357580.84it/s]Compute GraphSAINT normalization:  94%|█████████▍| 8412502/8925000 [00:23<00:01, 358893.62it/s]Compute GraphSAINT normalization:  95%|█████████▌| 8485033/8925000 [00:23<00:01, 357681.08it/s]Compute GraphSAINT normalization:  96%|█████████▌| 8557488/8925000 [00:23<00:01, 359545.41it/s]Compute GraphSAINT normalization:  97%|█████████▋| 8629734/8925000 [00:24<00:00, 359560.76it/s]Compute GraphSAINT normalization:  98%|█████████▊| 8702226/8925000 [00:24<00:00, 363495.69it/s]Compute GraphSAINT normalization:  98%|█████████▊| 8774790/8925000 [00:24<00:00, 361521.64it/s]Compute GraphSAINT normalization:  99%|█████████▉| 8847118/8925000 [00:24<00:00, 359277.75it/s]Compute GraphSAINT normalization: 100%|█████████▉| 8919795/8925000 [00:24<00:00, 357787.47it/s]Compute GraphSAINT normalization: : 8977762it [00:25, 358915.60it/s]                           
Epoch: 01, Loss: 1.8310, Train: 0.4257, Val: 0.4293, Test: 0.4286
Epoch: 02, Loss: 1.6461, Train: 0.4388, Val: 0.4389, Test: 0.4410
Epoch: 03, Loss: 1.5907, Train: 0.4545, Val: 0.4487, Test: 0.4521
Epoch: 04, Loss: 1.5809, Train: 0.4534, Val: 0.4524, Test: 0.4532
